17:21:31 **** Incremental Build of configuration Debug for project rfsoc_v2_application ****
make all 
'Building file: D:/repos/RFSoC_Controller_V2/c_source/cmd_handler.c'
'Invoking: ARM v8 gcc compiler'
aarch64-none-elf-gcc -Wall -O0 -g3 -I"D:\repos\RFSoC_Controller_V2\c_source" -I"D:\repos\RFSoC_Controller_V2\c_source" -c -fmessage-length=0 -MT"src/c_source/cmd_handler.o" -D __BAREMETAL__ -ID:/repos/RFSoC_Controller_V2/vitis_workspace/rfsoc_v2_platform/export/rfsoc_v2_platform/sw/rfsoc_v2_platform/standalone_domain/bspinclude/include -MMD -MP -MF"src/c_source/cmd_handler.d" -MT"src/c_source/cmd_handler.o" -o "src/c_source/cmd_handler.o" "D:/repos/RFSoC_Controller_V2/c_source/cmd_handler.c"
'Finished building: D:/repos/RFSoC_Controller_V2/c_source/cmd_handler.c'
' '
'Building target: rfsoc_v2_application.elf'
'Invoking: ARM v8 gcc linker'
aarch64-none-elf-gcc -Wl,-T -Wl,../src/lscript.ld -LD:/repos/RFSoC_Controller_V2/vitis_workspace/rfsoc_v2_platform/export/rfsoc_v2_platform/sw/rfsoc_v2_platform/standalone_domain/bsplib/lib -o "rfsoc_v2_application.elf"  ./src/c_source/cmd_handler.o ./src/c_source/dma.o ./src/c_source/gpio.o ./src/c_source/rf.o ./src/c_source/uart.o  ./src/dma_test.o ./src/helloworld.o ./src/platform.o   -Wl,--start-group,-lxil,-lgcc,-lc,--end-group -Wl,--start-group,-lxil,-lgcc,-lc,-lmetal,--end-group
'Finished building target: rfsoc_v2_application.elf'
' '
'Invoking: ARM v8 Print Size'
aarch64-none-elf-size rfsoc_v2_application.elf  |tee "rfsoc_v2_application.elf.size"
   text	   data	    bss	    dec	    hex	filename
 205948	   9600	  32020	 247568	  3c710	rfsoc_v2_application.elf
'Finished building: rfsoc_v2_application.elf.size'
' '
17:21:32 **** Incremental Build of configuration Debug for project rfsoc_v2_application_system ****
make all 
Generating bif file for the system project
generate_system_bif.bat 53186 D:/repos/RFSoC_Controller_V2/vitis_workspace/rfsoc_v2_platform/export/rfsoc_v2_platform/rfsoc_v2_platform.xpfm standalone_domain D:/repos/RFSoC_Controller_V2/vitis_workspace/rfsoc_v2_application_system/Debug/system.bif
sdcard_gen --xpfm D:/repos/RFSoC_Controller_V2/vitis_workspace/rfsoc_v2_platform/export/rfsoc_v2_platform/rfsoc_v2_platform.xpfm --sys_config rfsoc_v2_platform --bif D:/repos/RFSoC_Controller_V2/vitis_workspace/rfsoc_v2_application_system/Debug/system.bif --bitstream D:/repos/RFSoC_Controller_V2/vitis_workspace/rfsoc_v2_application/_ide/bitstream/top_level_wrapper.bit --elf D:/repos/RFSoC_Controller_V2/vitis_workspace/rfsoc_v2_application/Debug/rfsoc_v2_application.elf,psu_cortexa53_0
creating BOOT.BIN using D:/repos/RFSoC_Controller_V2/vitis_workspace/rfsoc_v2_application/_ide/bitstream/top_level_wrapper.bit
Running C:/Xilinx/Vitis/2020.2/bin/bootgen -arch zynqmp -image D:/repos/RFSoC_Controller_V2/vitis_workspace/rfsoc_v2_application_system/Debug/sd_card_temp/boot.bif -w -o i BOOT.BIN
